// Jest Snapshot v1, https://goo.gl/fbAQLP

exports[`component changes corresponding to data loading 1`] = `
<div>
  <svg
    height="48"
    viewBox="0 0 48 48"
    width="48"
    xmlns="http://www.w3.org/2000/svg"
  >
    <path
      d="M10.14,1.16a11,11,0,0,0-9,8.92A1.59,1.59,0,0,0,2.46,12,1.52,1.52,0,0,0,4.11,10.7a8,8,0,0,1,6.66-6.61A1.42,1.42,0,0,0,12,2.69h0A1.57,1.57,0,0,0,10.14,1.16Z"
    />
  </svg>
  <p>
    Please wait, data is loading...
  </p>
</div>
`;

exports[`component changes corresponding to data loading 2`] = `
<div>
  <svg
    height="48"
    viewBox="0 0 48 48"
    width="48"
    xmlns="http://www.w3.org/2000/svg"
  >
    <path
      d="M10.14,1.16a11,11,0,0,0-9,8.92A1.59,1.59,0,0,0,2.46,12,1.52,1.52,0,0,0,4.11,10.7a8,8,0,0,1,6.66-6.61A1.42,1.42,0,0,0,12,2.69h0A1.57,1.57,0,0,0,10.14,1.16Z"
    />
  </svg>
  <p>
    Please wait, data is loading...
  </p>
</div>
`;
